00:00 +0: loading /Users/ahmedmohamed/Elevate/elevate_flower_app/test/features/home/api/datasources/home_remote_data_source_impl_test.dart                                                             00:01 +0: loading /Users/ahmedmohamed/Elevate/elevate_flower_app/test/features/home/api/datasources/home_remote_data_source_impl_test.dart                                                             00:02 +0: loading /Users/ahmedmohamed/Elevate/elevate_flower_app/test/features/home/api/datasources/home_remote_data_source_impl_test.dart                                                             00:02 +0: loading /Users/ahmedmohamed/Elevate/elevate_flower_app/test/features/home/data/repositories/home_repository_impl_test.dart                                                                   00:02 +0: /Users/ahmedmohamed/Elevate/elevate_flower_app/test/features/home/data/repositories/home_repository_impl_test.dart: HomeRepositoryImpl test test getHomeData returns HomeEntity on success   00:02 +1: /Users/ahmedmohamed/Elevate/elevate_flower_app/test/features/home/api/datasources/home_remote_data_source_impl_test.dart: ... test test getHomeData returns HomeResponse on success          00:02 +2: /Users/ahmedmohamed/Elevate/elevate_flower_app/test/features/home/api/datasources/home_remote_data_source_impl_test.dart: ... test test getHomeData returns HomeResponse on success          00:02 +3: /Users/ahmedmohamed/Elevate/elevate_flower_app/test/features/home/api/datasources/home_remote_data_source_impl_test.dart: ... test test getHomeData returns HomeResponse on success          00:02 +4: /Users/ahmedmohamed/Elevate/elevate_flower_app/test/features/home/api/datasources/home_remote_data_source_impl_test.dart: ... test test getHomeData returns HomeResponse on success          00:02 +5: /Users/ahmedmohamed/Elevate/elevate_flower_app/test/features/home/api/datasources/home_remote_data_source_impl_test.dart: ... test test getHomeData returns HomeResponse on success          00:02 +6: /Users/ahmedmohamed/Elevate/elevate_flower_app/test/features/home/api/datasources/home_remote_data_source_impl_test.dart: ... test test getHomeData returns HomeResponse on success          00:02 +7: /Users/ahmedmohamed/Elevate/elevate_flower_app/test/features/home/api/datasources/home_remote_data_source_impl_test.dart: ... test test getHomeData returns HomeResponse on success          00:02 +8: /Users/ahmedmohamed/Elevate/elevate_flower_app/test/features/home/api/datasources/home_remote_data_source_impl_test.dart: ... test test getHomeData returns HomeResponse on success          00:02 +9: /Users/ahmedmohamed/Elevate/elevate_flower_app/test/features/home/api/datasources/home_remote_data_source_impl_test.dart: ... test test getHomeData returns HomeResponse on success          00:02 +9: /Users/ahmedmohamed/Elevate/elevate_flower_app/test/features/home/api/datasources/home_remote_data_source_impl_test.dart: ... test test getHomeData returns Error on exception               00:02 +10: /Users/ahmedmohamed/Elevate/elevate_flower_app/test/features/home/api/datasources/home_remote_data_source_impl_test.dart: ... test test getHomeData returns Error on exception              00:02 +10: /Users/ahmedmohamed/Elevate/elevate_flower_app/test/features/home/api/datasources/home_remote_data_source_impl_test.dart: ... test test getHomeData returns Error on any thrown error       00:02 +11: /Users/ahmedmohamed/Elevate/elevate_flower_app/test/features/home/api/datasources/home_remote_data_source_impl_test.dart: ... test test getHomeData returns Error on any thrown error       00:02 +11: /Users/ahmedmohamed/Elevate/elevate_flower_app/test/features/home/api/datasources/home_remote_data_source_impl_test.dart: ... test test getHomeData calls API client exactly once           00:02 +12: /Users/ahmedmohamed/Elevate/elevate_flower_app/test/features/home/api/datasources/home_remote_data_source_impl_test.dart: ... test test getHomeData calls API client exactly once           00:03 +12: /Users/ahmedmohamed/Elevate/elevate_flower_app/test/features/home/api/datasources/home_remote_data_source_impl_test.dart: ... test test getHomeData calls API client exactly once           00:03 +12: loading /Users/ahmedmohamed/Elevate/elevate_flower_app/test/features/home/presentation/view_model/cubit/home_cubit_test.dart                                                                00:03 +12: /Users/ahmedmohamed/Elevate/elevate_flower_app/test/features/home/presentation/view_model/cubit/home_cubit_test.dart: HomeCubit test test if initial state is correct                       00:03 +13: /Users/ahmedmohamed/Elevate/elevate_flower_app/test/features/home/presentation/view_model/cubit/home_cubit_test.dart: HomeCubit test test if initial state is correct                       00:03 +13: /Users/ahmedmohamed/Elevate/elevate_flower_app/test/features/home/presentation/view_model/cubit/home_cubit_test.dart: ... then success states for all when GetAllDataEvent is triggered     00:03 +14: /Users/ahmedmohamed/Elevate/elevate_flower_app/test/features/home/presentation/view_model/cubit/home_cubit_test.dart: ... then success states for all when GetAllDataEvent is triggered     00:03 +14: /Users/ahmedmohamed/Elevate/elevate_flower_app/test/features/home/presentation/view_model/cubit/home_cubit_test.dart: ... emit loading then error states for all when GetAllDataEvent fails 00:03 +15: /Users/ahmedmohamed/Elevate/elevate_flower_app/test/features/home/presentation/view_model/cubit/home_cubit_test.dart: ... emit loading then error states for all when GetAllDataEvent fails 00:03 +15: /Users/ahmedmohamed/Elevate/elevate_flower_app/test/features/home/presentation/view_model/cubit/home_cubit_test.dart: ... success state for categories when GetCategoriesEvent is triggered 00:03 +16: /Users/ahmedmohamed/Elevate/elevate_flower_app/test/features/home/presentation/view_model/cubit/home_cubit_test.dart: ... success state for categories when GetCategoriesEvent is triggered 00:03 +16: /Users/ahmedmohamed/Elevate/elevate_flower_app/test/features/home/presentation/view_model/cubit/home_cubit_test.dart: ... then error state for categories when GetCategoriesEvent fails     00:03 +17: /Users/ahmedmohamed/Elevate/elevate_flower_app/test/features/home/presentation/view_model/cubit/home_cubit_test.dart: ... then error state for categories when GetCategoriesEvent fails     00:03 +17: /Users/ahmedmohamed/Elevate/elevate_flower_app/test/features/home/presentation/view_model/cubit/home_cubit_test.dart: ... success state for bestSeller when GetBestSellerEvent is triggered 00:03 +18: /Users/ahmedmohamed/Elevate/elevate_flower_app/test/features/home/presentation/view_model/cubit/home_cubit_test.dart: ... success state for bestSeller when GetBestSellerEvent is triggered 00:03 +18: /Users/ahmedmohamed/Elevate/elevate_flower_app/test/features/home/presentation/view_model/cubit/home_cubit_test.dart: ... then error state for bestSeller when GetBestSellerEvent fails     00:03 +19: /Users/ahmedmohamed/Elevate/elevate_flower_app/test/features/home/presentation/view_model/cubit/home_cubit_test.dart: ... then error state for bestSeller when GetBestSellerEvent fails     00:03 +19: /Users/ahmedmohamed/Elevate/elevate_flower_app/test/features/home/presentation/view_model/cubit/home_cubit_test.dart: ... success state for occasions when GetOccasionEvent is triggered    00:03 +20: /Users/ahmedmohamed/Elevate/elevate_flower_app/test/features/home/presentation/view_model/cubit/home_cubit_test.dart: ... success state for occasions when GetOccasionEvent is triggered    00:03 +20: /Users/ahmedmohamed/Elevate/elevate_flower_app/test/features/home/presentation/view_model/cubit/home_cubit_test.dart: ... loading then error state for occasions when GetOccasionEvent fails00:03 +21: /Users/ahmedmohamed/Elevate/elevate_flower_app/test/features/home/presentation/view_model/cubit/home_cubit_test.dart: ... loading then error state for occasions when GetOccasionEvent fails00:03 +21: /Users/ahmedmohamed/Elevate/elevate_flower_app/test/features/home/presentation/view_model/cubit/home_cubit_test.dart: HomeCubit test verify usecase is called exactly once for each event   00:03 +22: /Users/ahmedmohamed/Elevate/elevate_flower_app/test/features/home/presentation/view_model/cubit/home_cubit_test.dart: HomeCubit test verify usecase is called exactly once for each event   00:04 +22: /Users/ahmedmohamed/Elevate/elevate_flower_app/test/features/home/presentation/view_model/cubit/home_cubit_test.dart: HomeCubit test verify usecase is called exactly once for each event   00:05 +22: /Users/ahmedmohamed/Elevate/elevate_flower_app/test/features/home/presentation/view_model/cubit/home_cubit_test.dart: HomeCubit test verify usecase is called exactly once for each event   00:06 +22: /Users/ahmedmohamed/Elevate/elevate_flower_app/test/features/home/presentation/view_model/cubit/home_cubit_test.dart: HomeCubit test verify usecase is called exactly once for each event   00:07 +22: /Users/ahmedmohamed/Elevate/elevate_flower_app/test/features/home/presentation/view_model/cubit/home_cubit_test.dart: HomeCubit test verify usecase is called exactly once for each event   00:08 +22: /Users/ahmedmohamed/Elevate/elevate_flower_app/test/features/home/presentation/view_model/cubit/home_cubit_test.dart: HomeCubit test verify usecase is called exactly once for each event   00:09 +22: /Users/ahmedmohamed/Elevate/elevate_flower_app/test/features/home/presentation/view_model/cubit/home_cubit_test.dart: HomeCubit test verify usecase is called exactly once for each event   00:09 +22: loading /Users/ahmedmohamed/Elevate/elevate_flower_app/test/features/best_seller/data/repositories/best_seller_repository_impl_test.dart                                                    00:09 +22: /Users/ahmedmohamed/Elevate/elevate_flower_app/test/features/best_seller/data/repositories/best_seller_repository_impl_test.dart: ... implementation test getBestSellers in success case    00:09 +23: /Users/ahmedmohamed/Elevate/elevate_flower_app/test/features/best_seller/data/repositories/best_seller_repository_impl_test.dart: ... implementation test getBestSellers in success case    00:09 +23: /Users/ahmedmohamed/Elevate/elevate_flower_app/test/features/best_seller/data/repositories/best_seller_repository_impl_test.dart: ... implementation test getBestSellers in error case      00:09 +24: /Users/ahmedmohamed/Elevate/elevate_flower_app/test/features/best_seller/data/repositories/best_seller_repository_impl_test.dart: ... implementation test getBestSellers in error case      00:09 +24: loading /Users/ahmedmohamed/Elevate/elevate_flower_app/test/features/best_seller/api/datasources/best_seller_remote_data_source_impl_test.dart                                              00:09 +24: ... BestSellerRemoteDataSourceImpl test test getBestSellerProducts returns BestSellerResponseModel on success                                                                               00:09 +25: ... BestSellerRemoteDataSourceImpl test test getBestSellerProducts returns BestSellerResponseModel on success                                                                               00:09 +25: /Users/ahmedmohamed/Elevate/elevate_flower_app/test/features/best_seller/api/datasources/best_seller_remote_data_source_impl_test.dart: ... getBestSellerProducts returns Failure on failure00:09 +26: /Users/ahmedmohamed/Elevate/elevate_flower_app/test/features/best_seller/api/datasources/best_seller_remote_data_source_impl_test.dart: ... getBestSellerProducts returns Failure on failure00:09 +26: loading /Users/ahmedmohamed/Elevate/elevate_flower_app/test/features/best_seller/presentation/view_model/cubit/best_seller_cubit_test.dart                                                  00:09 +26: /Users/ahmedmohamed/Elevate/elevate_flower_app/test/features/best_seller/presentation/view_model/cubit/best_seller_cubit_test.dart: test best seller cubit test if initial state is correct 00:09 +27: /Users/ahmedmohamed/Elevate/elevate_flower_app/test/features/best_seller/presentation/view_model/cubit/best_seller_cubit_test.dart: test best seller cubit test if initial state is correct 00:09 +27: /Users/ahmedmohamed/Elevate/elevate_flower_app/test/features/best_seller/presentation/view_model/cubit/best_seller_cubit_test.dart: ... get best seller products use case returns success   00:09 +28: /Users/ahmedmohamed/Elevate/elevate_flower_app/test/features/best_seller/presentation/view_model/cubit/best_seller_cubit_test.dart: ... get best seller products use case returns success   00:09 +28: /Users/ahmedmohamed/Elevate/elevate_flower_app/test/features/best_seller/presentation/view_model/cubit/best_seller_cubit_test.dart: ... when get best seller products use case returns error00:09 +29: /Users/ahmedmohamed/Elevate/elevate_flower_app/test/features/best_seller/presentation/view_model/cubit/best_seller_cubit_test.dart: ... when get best seller products use case returns error00:10 +29: /Users/ahmedmohamed/Elevate/elevate_flower_app/test/features/best_seller/presentation/view_model/cubit/best_seller_cubit_test.dart: ... when get best seller products use case returns error00:10 +29: loading /Users/ahmedmohamed/Elevate/elevate_flower_app/test/features/register/api/datasources/register_local_data_source_impl_test.dart                                                     00:10 +29: /Users/ahmedmohamed/Elevate/elevate_flower_app/test/features/register/api/datasources/register_local_data_source_impl_test.dart: ... implementation test saving token in secure storage     00:10 +30: /Users/ahmedmohamed/Elevate/elevate_flower_app/test/features/register/api/datasources/register_local_data_source_impl_test.dart: ... implementation test saving token in secure storage     00:10 +30: loading /Users/ahmedmohamed/Elevate/elevate_flower_app/test/features/register/api/datasources/register_remote_data_source_impl_test.dart                                                    00:10 +30: /Users/ahmedmohamed/Elevate/elevate_flower_app/test/features/register/api/datasources/register_remote_data_source_impl_test.dart: ... registerUser returns success when API call succeeds   00:11 +30: /Users/ahmedmohamed/Elevate/elevate_flower_app/test/features/register/api/datasources/register_remote_data_source_impl_test.dart: ... registerUser returns success when API call succeeds   00:11 +31: /Users/ahmedmohamed/Elevate/elevate_flower_app/test/features/register/api/datasources/register_remote_data_source_impl_test.dart: ... registerUser returns success when API call succeeds   00:11 +31: /Users/ahmedmohamed/Elevate/elevate_flower_app/test/features/register/api/datasources/register_remote_data_source_impl_test.dart: ... registerUser returns error when API call fails        00:11 +32: /Users/ahmedmohamed/Elevate/elevate_flower_app/test/features/register/api/datasources/register_remote_data_source_impl_test.dart: ... registerUser returns error when API call fails        00:11 +32: loading /Users/ahmedmohamed/Elevate/elevate_flower_app/test/features/register/data/repositories/register_repository_impl_test.dart                                                          00:11 +32: ... test local data source implementation saveAuthToken calls _localDataSource.saveAuthToken                                                                                                00:11 +33: ... test local data source implementation saveAuthToken calls _localDataSource.saveAuthToken                                                                                                00:11 +33: /Users/ahmedmohamed/Elevate/elevate_flower_app/test/features/register/data/repositories/register_repository_impl_test.dart: ... registerUser transforms params into request body            00:11 +34: /Users/ahmedmohamed/Elevate/elevate_flower_app/test/features/register/data/repositories/register_repository_impl_test.dart: ... registerUser transforms params into request body            00:11 +34: /Users/ahmedmohamed/Elevate/elevate_flower_app/test/features/register/data/repositories/register_repository_impl_test.dart: ... data source implementation test success case of registerUser00:11 +35: /Users/ahmedmohamed/Elevate/elevate_flower_app/test/features/register/data/repositories/register_repository_impl_test.dart: ... data source implementation test success case of registerUser00:11 +35: /Users/ahmedmohamed/Elevate/elevate_flower_app/test/features/register/data/repositories/register_repository_impl_test.dart: ... data source implementation test error case of registerUser  00:11 +36: /Users/ahmedmohamed/Elevate/elevate_flower_app/test/features/register/data/repositories/register_repository_impl_test.dart: ... data source implementation test error case of registerUser  00:11 +36: loading /Users/ahmedmohamed/Elevate/elevate_flower_app/test/features/register/presentation/view_model/cubit/register_cubit_test.dart                                                        00:11 +36: /Users/ahmedmohamed/Elevate/elevate_flower_app/test/features/register/presentation/view_model/cubit/register_cubit_test.dart: RegisterCubit test if initial state is correct                00:11 +37: /Users/ahmedmohamed/Elevate/elevate_flower_app/test/features/register/presentation/view_model/cubit/register_cubit_test.dart: RegisterCubit test if initial state is correct                00:11 +37: /Users/ahmedmohamed/Elevate/elevate_flower_app/test/features/register/presentation/view_model/cubit/register_cubit_test.dart: ... tests test updates selected gender and hides gender error 00:11 +38: /Users/ahmedmohamed/Elevate/elevate_flower_app/test/features/register/presentation/view_model/cubit/register_cubit_test.dart: ... tests test updates selected gender and hides gender error 00:11 +38: /Users/ahmedmohamed/Elevate/elevate_flower_app/test/features/register/presentation/view_model/cubit/register_cubit_test.dart: ... test showGenderError is true when gender is not selected  00:11 +39: /Users/ahmedmohamed/Elevate/elevate_flower_app/test/features/register/presentation/view_model/cubit/register_cubit_test.dart: ... test showGenderError is true when gender is not selected  00:11 +39: /Users/ahmedmohamed/Elevate/elevate_flower_app/test/features/register/presentation/view_model/cubit/register_cubit_test.dart: ... test emits gender error if gender is not selected         00:11 +40: /Users/ahmedmohamed/Elevate/elevate_flower_app/test/features/register/presentation/view_model/cubit/register_cubit_test.dart: ... test emits gender error if gender is not selected         00:11 +40: /Users/ahmedmohamed/Elevate/elevate_flower_app/test/features/register/presentation/view_model/cubit/register_cubit_test.dart: ... test emits success state if registration is successful    00:11 +41: /Users/ahmedmohamed/Elevate/elevate_flower_app/test/features/profile/api/datasources/profile_local_data_source_impl_test.dart: ... saves profile data to SharedPreferences successfully     00:11 +42: /Users/ahmedmohamed/Elevate/elevate_flower_app/test/features/profile/api/datasources/profile_local_data_source_impl_test.dart: ... saves profile data to SharedPreferences successfully     00:11 +43: /Users/ahmedmohamed/Elevate/elevate_flower_app/test/features/profile/api/datasources/profile_local_data_source_impl_test.dart: ... saves profile data to SharedPreferences successfully     00:11 +43: /Users/ahmedmohamed/Elevate/elevate_flower_app/test/features/profile/api/datasources/profile_local_data_source_impl_test.dart: ... Tests saveProfileData handles save failure gracefully    00:11 +44: /Users/ahmedmohamed/Elevate/elevate_flower_app/test/features/profile/api/datasources/profile_local_data_source_impl_test.dart: ... Tests saveProfileData handles save failure gracefully    00:11 +44: /Users/ahmedmohamed/Elevate/elevate_flower_app/test/features/profile/api/datasources/profile_local_data_source_impl_test.dart: ... returns ProfileDataEntity when data exists in cache      00:11 +45: /Users/ahmedmohamed/Elevate/elevate_flower_app/test/features/profile/api/datasources/profile_local_data_source_impl_test.dart: ... returns ProfileDataEntity when data exists in cache      00:11 +45: /Users/ahmedmohamed/Elevate/elevate_flower_app/test/features/profile/api/datasources/profile_local_data_source_impl_test.dart: ... getProfileData returns null when no data exists in cache 00:11 +46: /Users/ahmedmohamed/Elevate/elevate_flower_app/test/features/profile/api/datasources/profile_local_data_source_impl_test.dart: ... getProfileData returns null when no data exists in cache 00:11 +46: /Users/ahmedmohamed/Elevate/elevate_flower_app/test/features/profile/api/datasources/profile_local_data_source_impl_test.dart: ... returns null when cached data is invalid JSON            00:11 +47: /Users/ahmedmohamed/Elevate/elevate_flower_app/test/features/profile/api/datasources/profile_local_data_source_impl_test.dart: ... returns null when cached data is invalid JSON            00:11 +47: /Users/ahmedmohamed/Elevate/elevate_flower_app/test/features/profile/api/datasources/profile_local_data_source_impl_test.dart: ... returns null when cached data has missing fields         00:11 +48: /Users/ahmedmohamed/Elevate/elevate_flower_app/test/features/profile/api/datasources/profile_local_data_source_impl_test.dart: ... returns null when cached data has missing fields         00:11 +48: /Users/ahmedmohamed/Elevate/elevate_flower_app/test/features/profile/api/datasources/profile_local_data_source_impl_test.dart: ... handles complex data types in wishlist and addresses     00:11 +49: /Users/ahmedmohamed/Elevate/elevate_flower_app/test/features/profile/api/datasources/profile_local_data_source_impl_test.dart: ... handles complex data types in wishlist and addresses     00:11 +49: /Users/ahmedmohamed/Elevate/elevate_flower_app/test/features/profile/api/datasources/profile_local_data_source_impl_test.dart: ... removes profile data from SharedPreferences successfully 00:11 +50: /Users/ahmedmohamed/Elevate/elevate_flower_app/test/features/profile/api/datasources/profile_local_data_source_impl_test.dart: ... removes profile data from SharedPreferences successfully 00:11 +50: /Users/ahmedmohamed/Elevate/elevate_flower_app/test/features/profile/api/datasources/profile_local_data_source_impl_test.dart: ... Tests clearProfileData handles clear failure gracefully  00:11 +51: /Users/ahmedmohamed/Elevate/elevate_flower_app/test/features/profile/api/datasources/profile_local_data_source_impl_test.dart: ... Tests clearProfileData handles clear failure gracefully  00:12 +51: /Users/ahmedmohamed/Elevate/elevate_flower_app/test/features/profile/api/datasources/profile_local_data_source_impl_test.dart: ... Tests clearProfileData handles clear failure gracefully  00:12 +51: loading /Users/ahmedmohamed/Elevate/elevate_flower_app/test/features/profile/api/datasources/profile_remote_data_source_impl_test.dart                                                      00:12 +51: /Users/ahmedmohamed/Elevate/elevate_flower_app/test/features/profile/api/datasources/profile_remote_data_source_impl_test.dart: ... getProfileData returns Success when API call succeeds   00:12 +52: /Users/ahmedmohamed/Elevate/elevate_flower_app/test/features/profile/api/datasources/profile_remote_data_source_impl_test.dart: ... getProfileData returns Success when API call succeeds   00:12 +52: /Users/ahmedmohamed/Elevate/elevate_flower_app/test/features/profile/api/datasources/profile_remote_data_source_impl_test.dart: ... returns Error when API call throws exception            00:12 +53: /Users/ahmedmohamed/Elevate/elevate_flower_app/test/features/profile/api/datasources/profile_remote_data_source_impl_test.dart: ... returns Error when API call throws exception            00:12 +53: /Users/ahmedmohamed/Elevate/elevate_flower_app/test/features/profile/api/datasources/profile_remote_data_source_impl_test.dart: ... Tests getProfileData handles timeout exception          00:12 +54: /Users/ahmedmohamed/Elevate/elevate_flower_app/test/features/profile/api/datasources/profile_remote_data_source_impl_test.dart: ... Tests getProfileData handles timeout exception          00:12 +54: /Users/ahmedmohamed/Elevate/elevate_flower_app/test/features/profile/api/datasources/profile_remote_data_source_impl_test.dart: ... Tests getProfileData handles server error exception     00:12 +55: /Users/ahmedmohamed/Elevate/elevate_flower_app/test/features/profile/api/datasources/profile_remote_data_source_impl_test.dart: ... Tests getProfileData handles server error exception     00:12 +55: loading /Users/ahmedmohamed/Elevate/elevate_flower_app/test/features/profile/data/repositories/profile_repository_impl_test.dart                                                            00:12 +55: /Users/ahmedmohamed/Elevate/elevate_flower_app/test/features/profile/data/repositories/profile_repository_impl_test.dart: (setUpAll)                                                        00:12 +55: /Users/ahmedmohamed/Elevate/elevate_flower_app/test/features/profile/data/repositories/profile_repository_impl_test.dart: ... remote data and saves to cache when remote call is successful 00:12 +56: /Users/ahmedmohamed/Elevate/elevate_flower_app/test/features/profile/data/repositories/profile_repository_impl_test.dart: ... remote data and saves to cache when remote call is successful 00:12 +56: /Users/ahmedmohamed/Elevate/elevate_flower_app/test/features/profile/data/repositories/profile_repository_impl_test.dart: ... getProfileData returns cached data when remote call fails     00:12 +57: /Users/ahmedmohamed/Elevate/elevate_flower_app/test/features/profile/data/repositories/profile_repository_impl_test.dart: ... getProfileData returns cached data when remote call fails     00:12 +57: /Users/ahmedmohamed/Elevate/elevate_flower_app/test/features/profile/data/repositories/profile_repository_impl_test.dart: ... getProfileData returns error when both remote and cache fail  00:12 +58: /Users/ahmedmohamed/Elevate/elevate_flower_app/test/features/profile/data/repositories/profile_repository_impl_test.dart: ... getProfileData returns error when both remote and cache fail  00:12 +58: /Users/ahmedmohamed/Elevate/elevate_flower_app/test/features/profile/data/repositories/profile_repository_impl_test.dart: ... getProfileData returns cached data when remote returns null   00:12 +59: /Users/ahmedmohamed/Elevate/elevate_flower_app/test/features/profile/data/repositories/profile_repository_impl_test.dart: ... getProfileData returns cached data when remote returns null   00:12 +59: /Users/ahmedmohamed/Elevate/elevate_flower_app/test/features/profile/data/repositories/profile_repository_impl_test.dart: ... returns error when remote returns null and no cache available 00:12 +60: /Users/ahmedmohamed/Elevate/elevate_flower_app/test/features/profile/data/repositories/profile_repository_impl_test.dart: ... returns error when remote returns null and no cache available 00:12 +60: /Users/ahmedmohamed/Elevate/elevate_flower_app/test/features/profile/data/repositories/profile_repository_impl_test.dart: (tearDownAll)                                                     00:13 +60: /Users/ahmedmohamed/Elevate/elevate_flower_app/test/features/profile/data/repositories/profile_repository_impl_test.dart: (tearDownAll)                                                     00:13 +60: loading /Users/ahmedmohamed/Elevate/elevate_flower_app/test/features/profile/presentation/view_model/cubit/profile_cubit_test.dart                                                          00:13 +60: /Users/ahmedmohamed/Elevate/elevate_flower_app/test/features/profile/presentation/view_model/cubit/profile_cubit_test.dart: (setUpAll)                                                      00:13 +60: /Users/ahmedmohamed/Elevate/elevate_flower_app/test/features/profile/presentation/view_model/cubit/profile_cubit_test.dart: ProfileCubit Tests initial state is correct                     00:13 +61: /Users/ahmedmohamed/Elevate/elevate_flower_app/test/features/profile/presentation/view_model/cubit/profile_cubit_test.dart: ProfileCubit Tests initial state is correct                     00:13 +61: /Users/ahmedmohamed/Elevate/elevate_flower_app/test/features/profile/presentation/view_model/cubit/profile_cubit_test.dart: ... emits loading then success on successful profile data fetch 00:13 +62: /Users/ahmedmohamed/Elevate/elevate_flower_app/test/features/profile/presentation/view_model/cubit/profile_cubit_test.dart: ... emits loading then success on successful profile data fetch 00:13 +62: /Users/ahmedmohamed/Elevate/elevate_flower_app/test/features/profile/presentation/view_model/cubit/profile_cubit_test.dart: ... emits loading then error on failed profile data fetch       00:13 +63: /Users/ahmedmohamed/Elevate/elevate_flower_app/test/features/profile/presentation/view_model/cubit/profile_cubit_test.dart: ... emits loading then error on failed profile data fetch       00:13 +63: /Users/ahmedmohamed/Elevate/elevate_flower_app/test/features/profile/presentation/view_model/cubit/profile_cubit_test.dart: ... Tests loadProfileData can reload profile data multiple times00:13 +64: /Users/ahmedmohamed/Elevate/elevate_flower_app/test/features/profile/presentation/view/widgets/profile_list_item_widget_test.dart: ProfileListItem Widget Tests displays title correctly    00:13 +65: /Users/ahmedmohamed/Elevate/elevate_flower_app/test/features/profile/presentation/view/widgets/profile_list_item_widget_test.dart: ProfileListItem Widget Tests displays title correctly    00:13 +66: /Users/ahmedmohamed/Elevate/elevate_flower_app/test/features/profile/presentation/view/widgets/profile_list_item_widget_test.dart: ProfileListItem Widget Tests displays title correctly    00:14 +66: /Users/ahmedmohamed/Elevate/elevate_flower_app/test/features/profile/presentation/view/widgets/profile_list_item_widget_test.dart: ProfileListItem Widget Tests displays title correctly    00:14 +67: /Users/ahmedmohamed/Elevate/elevate_flower_app/test/features/profile/presentation/view/widgets/profile_header_widget_test.dart: ... Widget Tests displays user name and email correctly     00:14 +68: /Users/ahmedmohamed/Elevate/elevate_flower_app/test/features/profile/presentation/view/widgets/profile_header_widget_test.dart: ... Widget Tests displays user name and email correctly     00:14 +69: /Users/ahmedmohamed/Elevate/elevate_flower_app/test/features/profile/presentation/view/widgets/profile_header_widget_test.dart: ... Widget Tests displays user name and email correctly     00:14 +70: /Users/ahmedmohamed/Elevate/elevate_flower_app/test/features/profile/presentation/view/widgets/profile_header_widget_test.dart: ... Widget Tests displays user name and email correctly     00:14 +71: /Users/ahmedmohamed/Elevate/elevate_flower_app/test/features/profile/presentation/view/widgets/profile_header_widget_test.dart: ... Widget Tests displays user name and email correctly     00:14 +72: /Users/ahmedmohamed/Elevate/elevate_flower_app/test/features/profile/presentation/view/widgets/profile_header_widget_test.dart: ... Widget Tests displays user name and email correctly     00:14 +73: /Users/ahmedmohamed/Elevate/elevate_flower_app/test/features/profile/presentation/view/widgets/profile_header_widget_test.dart: ... Widget Tests displays user name and email correctly     00:14 +74: /Users/ahmedmohamed/Elevate/elevate_flower_app/test/features/profile/presentation/view/widgets/profile_header_widget_test.dart: ... Widget Tests displays user name and email correctly     00:14 +75: /Users/ahmedmohamed/Elevate/elevate_flower_app/test/features/profile/presentation/view/widgets/profile_header_widget_test.dart: ... Widget Tests displays user name and email correctly     00:14 +76: /Users/ahmedmohamed/Elevate/elevate_flower_app/test/features/profile/presentation/view/widgets/profile_header_widget_test.dart: ... Widget Tests displays user name and email correctly     00:14 +77: /Users/ahmedmohamed/Elevate/elevate_flower_app/test/features/profile/presentation/view/widgets/profile_header_widget_test.dart: ... Widget Tests displays user name and email correctly     00:14 +78: /Users/ahmedmohamed/Elevate/elevate_flower_app/test/features/profile/presentation/view/widgets/profile_header_widget_test.dart: ... Widget Tests displays user name and email correctly     00:15 +78: /Users/ahmedmohamed/Elevate/elevate_flower_app/test/features/profile/presentation/view/widgets/profile_header_widget_test.dart: ... Widget Tests displays user name and email correctly     00:15 +79: /Users/ahmedmohamed/Elevate/elevate_flower_app/test/features/profile/presentation/view/widgets/profile_header_widget_test.dart: ... Widget Tests displays user name and email correctly     00:15 +80: /Users/ahmedmohamed/Elevate/elevate_flower_app/test/features/profile/presentation/view/widgets/profile_header_widget_test.dart: ... Widget Tests displays user name and email correctly     00:15 +81: /Users/ahmedmohamed/Elevate/elevate_flower_app/test/features/profile/presentation/view/widgets/profile_header_widget_test.dart: ... Widget Tests displays user name and email correctly     00:15 +82: /Users/ahmedmohamed/Elevate/elevate_flower_app/test/features/profile/presentation/view/widgets/profile_list_item_widget_test.dart: ... Widget Tests calls onTap callback when tapped        00:15 +83: /Users/ahmedmohamed/Elevate/elevate_flower_app/test/features/profile/presentation/view/widgets/profile_list_item_widget_test.dart: ... Widget Tests calls onTap callback when tapped        00:15 +84: /Users/ahmedmohamed/Elevate/elevate_flower_app/test/features/profile/presentation/view/widgets/profile_list_item_widget_test.dart: ... Widget Tests calls onTap callback when tapped        00:15 +85: /Users/ahmedmohamed/Elevate/elevate_flower_app/test/features/profile/presentation/view/widgets/profile_header_widget_test.dart: ... to display CachedNetworkImage when imageUrl is valid    00:15 +86: /Users/ahmedmohamed/Elevate/elevate_flower_app/test/features/profile/presentation/view/widgets/profile_header_widget_test.dart: ... to display CachedNetworkImage when imageUrl is valid    00:15 +87: /Users/ahmedmohamed/Elevate/elevate_flower_app/test/features/profile/presentation/view/widgets/profile_header_widget_test.dart: ... to display CachedNetworkImage when imageUrl is valid    00:15 +88: /Users/ahmedmohamed/Elevate/elevate_flower_app/test/features/profile/presentation/view/widgets/profile_list_item_widget_test.dart: ... Widget Tests title expands to fill available space   00:15 +89: /Users/ahmedmohamed/Elevate/elevate_flower_app/test/features/profile/presentation/view/widgets/profile_header_widget_test.dart: ... Widget Tests shows edit icon when onEditTap is provided 00:15 +90: /Users/ahmedmohamed/Elevate/elevate_flower_app/test/features/profile/presentation/view/widgets/profile_header_widget_test.dart: ... Widget Tests shows edit icon when onEditTap is provided 00:15 +91: /Users/ahmedmohamed/Elevate/elevate_flower_app/test/features/profile/presentation/view/widgets/profile_header_widget_test.dart: ... Widget Tests shows edit icon when onEditTap is provided 00:15 +92: /Users/ahmedmohamed/Elevate/elevate_flower_app/test/features/profile/presentation/view/widgets/profile_header_widget_test.dart: ... Widget Tests shows edit icon when onEditTap is provided 00:16 +92: /Users/ahmedmohamed/Elevate/elevate_flower_app/test/features/profile/presentation/view/widgets/profile_header_widget_test.dart: ... Widget Tests shows edit icon when onEditTap is provided 00:16 +93: /Users/ahmedmohamed/Elevate/elevate_flower_app/test/features/profile/presentation/view/widgets/profile_header_widget_test.dart: ... Widget Tests shows edit icon when onEditTap is provided 00:16 +94: /Users/ahmedmohamed/Elevate/elevate_flower_app/test/features/profile/presentation/view/widgets/profile_header_widget_test.dart: ... Widget Tests shows edit icon when onEditTap is provided 00:16 +95: /Users/ahmedmohamed/Elevate/elevate_flower_app/test/features/profile/presentation/view/widgets/profile_header_widget_test.dart: ... Widget Tests shows edit icon when onEditTap is provided 00:16 +96: /Users/ahmedmohamed/Elevate/elevate_flower_app/test/features/profile/presentation/view/widgets/profile_header_widget_test.dart: ... Widget Tests shows edit icon when onEditTap is provided 00:16 +97: /Users/ahmedmohamed/Elevate/elevate_flower_app/test/features/profile/presentation/view/widgets/profile_header_widget_test.dart: ... Widget Tests shows edit icon when onEditTap is provided 00:16 +98: /Users/ahmedmohamed/Elevate/elevate_flower_app/test/features/profile/presentation/view/widgets/profile_header_widget_test.dart: ... Widget Tests shows edit icon when onEditTap is provided 00:16 +98: /Users/ahmedmohamed/Elevate/elevate_flower_app/test/features/profile/presentation/view/widgets/profile_header_widget_test.dart: ... Tests does not show edit icon when onEditTap is null    00:16 +99: /Users/ahmedmohamed/Elevate/elevate_flower_app/test/features/profile/presentation/view/widgets/profile_header_widget_test.dart: ... Tests does not show edit icon when onEditTap is null    00:16 +99: /Users/ahmedmohamed/Elevate/elevate_flower_app/test/features/profile/presentation/view/widgets/profile_header_widget_test.dart: ... Widget Tests has correct circular border decoration     00:16 +100: /Users/ahmedmohamed/Elevate/elevate_flower_app/test/features/profile/presentation/view/widgets/profile_header_widget_test.dart: ... Widget Tests has correct circular border decoration    00:16 +100: /Users/ahmedmohamed/Elevate/elevate_flower_app/test/features/profile/presentation/view/widgets/profile_header_widget_test.dart: ProfileHeader Widget Tests renders within Column layout    00:16 +101: /Users/ahmedmohamed/Elevate/elevate_flower_app/test/features/profile/presentation/view/widgets/profile_header_widget_test.dart: ProfileHeader Widget Tests renders within Column layout    00:17 +101: /Users/ahmedmohamed/Elevate/elevate_flower_app/test/features/profile/presentation/view/widgets/profile_header_widget_test.dart: ProfileHeader Widget Tests renders within Column layout    00:17 +101: loading /Users/ahmedmohamed/Elevate/elevate_flower_app/test/features/change_lang/data/repositories/change_lang_repo_impl_test.dart                                                         00:17 +101: /Users/ahmedmohamed/Elevate/elevate_flower_app/test/features/change_lang/data/repositories/change_lang_repo_impl_test.dart: (setUpAll)                                                     00:17 +101: /Users/ahmedmohamed/Elevate/elevate_flower_app/test/features/change_lang/data/repositories/change_lang_repo_impl_test.dart: ... should return Success when language is changed successfully00:17 +102: /Users/ahmedmohamed/Elevate/elevate_flower_app/test/features/change_lang/data/repositories/change_lang_repo_impl_test.dart: ... should return Success when language is changed successfully00:17 +102: /Users/ahmedmohamed/Elevate/elevate_flower_app/test/features/change_lang/data/repositories/change_lang_repo_impl_test.dart: ... should return Error when localDataSource returns Error     00:17 +103: /Users/ahmedmohamed/Elevate/elevate_flower_app/test/features/change_lang/data/repositories/change_lang_repo_impl_test.dart: ... should return Error when localDataSource returns Error     00:17 +103: /Users/ahmedmohamed/Elevate/elevate_flower_app/test/features/change_lang/data/repositories/change_lang_repo_impl_test.dart: ... with language code when language is retrieved successfully 00:17 +104: /Users/ahmedmohamed/Elevate/elevate_flower_app/test/features/change_lang/data/repositories/change_lang_repo_impl_test.dart: ... with language code when language is retrieved successfully 00:17 +104: /Users/ahmedmohamed/Elevate/elevate_flower_app/test/features/change_lang/data/repositories/change_lang_repo_impl_test.dart: ... should return Error when localDataSource returns Error     00:17 +105: /Users/ahmedmohamed/Elevate/elevate_flower_app/test/features/change_lang/data/repositories/change_lang_repo_impl_test.dart: ... should return Error when localDataSource returns Error     00:17 +105: /Users/ahmedmohamed/Elevate/elevate_flower_app/test/features/change_lang/data/repositories/change_lang_repo_impl_test.dart: (tearDownAll)                                                  00:18 +105: /Users/ahmedmohamed/Elevate/elevate_flower_app/test/features/change_lang/data/repositories/change_lang_repo_impl_test.dart: (tearDownAll)                                                  00:18 +105: loading /Users/ahmedmohamed/Elevate/elevate_flower_app/test/features/change_lang/domain/use_cases/change_lang_use_case_test.dart                                                           00:18 +105: /Users/ahmedmohamed/Elevate/elevate_flower_app/test/features/change_lang/domain/use_cases/change_lang_use_case_test.dart: (setUpAll)                                                       00:18 +105: /Users/ahmedmohamed/Elevate/elevate_flower_app/test/features/change_lang/domain/use_cases/change_lang_use_case_test.dart: ... should call repository changeLanguage with correct parameters00:18 +106: /Users/ahmedmohamed/Elevate/elevate_flower_app/test/features/change_lang/domain/use_cases/change_lang_use_case_test.dart: ... should call repository changeLanguage with correct parameters00:18 +106: /Users/ahmedmohamed/Elevate/elevate_flower_app/test/features/change_lang/domain/use_cases/change_lang_use_case_test.dart: call should return Success when repository returns Success       00:18 +107: /Users/ahmedmohamed/Elevate/elevate_flower_app/test/features/change_lang/domain/use_cases/change_lang_use_case_test.dart: call should return Success when repository returns Success       00:18 +107: /Users/ahmedmohamed/Elevate/elevate_flower_app/test/features/change_lang/domain/use_cases/change_lang_use_case_test.dart: call should return Error when repository returns Error           00:18 +108: /Users/ahmedmohamed/Elevate/elevate_flower_app/test/features/change_lang/domain/use_cases/change_lang_use_case_test.dart: call should return Error when repository returns Error           00:18 +108: /Users/ahmedmohamed/Elevate/elevate_flower_app/test/features/change_lang/domain/use_cases/change_lang_use_case_test.dart: (tearDownAll)                                                    00:18 +108: loading /Users/ahmedmohamed/Elevate/elevate_flower_app/test/features/change_lang/domain/use_cases/get_lang_use_case_test.dart                                                              00:18 +108: /Users/ahmedmohamed/Elevate/elevate_flower_app/test/features/change_lang/domain/use_cases/get_lang_use_case_test.dart: (setUpAll)                                                          00:18 +108: /Users/ahmedmohamed/Elevate/elevate_flower_app/test/features/change_lang/domain/use_cases/get_lang_use_case_test.dart: call should call repository getCurrentLanguage                      00:18 +109: /Users/ahmedmohamed/Elevate/elevate_flower_app/test/features/change_lang/domain/use_cases/get_lang_use_case_test.dart: call should call repository getCurrentLanguage                      00:18 +109: /Users/ahmedmohamed/Elevate/elevate_flower_app/test/features/change_lang/domain/use_cases/get_lang_use_case_test.dart: ... Success with language code when repository returns Success      00:18 +110: /Users/ahmedmohamed/Elevate/elevate_flower_app/test/features/change_lang/domain/use_cases/get_lang_use_case_test.dart: ... Success with language code when repository returns Success      00:18 +110: /Users/ahmedmohamed/Elevate/elevate_flower_app/test/features/change_lang/domain/use_cases/get_lang_use_case_test.dart: call should return Error when repository returns Error              00:18 +111: /Users/ahmedmohamed/Elevate/elevate_flower_app/test/features/change_lang/domain/use_cases/get_lang_use_case_test.dart: call should return Error when repository returns Error              00:18 +111: /Users/ahmedmohamed/Elevate/elevate_flower_app/test/features/change_lang/domain/use_cases/get_lang_use_case_test.dart: (tearDownAll)                                                       00:18 +111: loading /Users/ahmedmohamed/Elevate/elevate_flower_app/test/features/product_details/data/repositories/product_details_repository_impl_test.dart                                           00:18 +111: /Users/ahmedmohamed/Elevate/elevate_flower_app/test/features/product_details/data/repositories/product_details_repository_impl_test.dart: ... when data source call is successful          00:18 +112: /Users/ahmedmohamed/Elevate/elevate_flower_app/test/features/product_details/data/repositories/product_details_repository_impl_test.dart: ... when data source call is successful          00:18 +112: /Users/ahmedmohamed/Elevate/elevate_flower_app/test/features/product_details/data/repositories/product_details_repository_impl_test.dart: ... return Error when data source call fails     00:18 +113: /Users/ahmedmohamed/Elevate/elevate_flower_app/test/features/product_details/data/repositories/product_details_repository_impl_test.dart: ... return Error when data source call fails     00:18 +113: /Users/ahmedmohamed/Elevate/elevate_flower_app/test/features/product_details/data/repositories/product_details_repository_impl_test.dart: ... should handle null product data gracefully   00:18 +114: /Users/ahmedmohamed/Elevate/elevate_flower_app/test/features/product_details/data/repositories/product_details_repository_impl_test.dart: ... should handle null product data gracefully   00:18 +114: /Users/ahmedmohamed/Elevate/elevate_flower_app/test/features/product_details/data/repositories/product_details_repository_impl_test.dart: ... product fields correctly from DTO to entity  00:18 +115: /Users/ahmedmohamed/Elevate/elevate_flower_app/test/features/product_details/data/repositories/product_details_repository_impl_test.dart: ... product fields correctly from DTO to entity  00:18 +115: /Users/ahmedmohamed/Elevate/elevate_flower_app/test/features/product_details/data/repositories/product_details_repository_impl_test.dart: ... missing optional fields with default values  00:18 +116: /Users/ahmedmohamed/Elevate/elevate_flower_app/test/features/product_details/data/repositories/product_details_repository_impl_test.dart: ... missing optional fields with default values  00:18 +116: /Users/ahmedmohamed/Elevate/elevate_flower_app/test/features/product_details/data/repositories/product_details_repository_impl_test.dart: ... the correct product ID to the data source    00:19 +116: /Users/ahmedmohamed/Elevate/elevate_flower_app/test/features/product_details/data/repositories/product_details_repository_impl_test.dart: ... the correct product ID to the data source    00:19 +117: /Users/ahmedmohamed/Elevate/elevate_flower_app/test/features/product_details/data/repositories/product_details_repository_impl_test.dart: ... the correct product ID to the data source    00:19 +117: /Users/ahmedmohamed/Elevate/elevate_flower_app/test/features/product_details/data/repositories/product_details_repository_impl_test.dart: ... correct exception type on network failure    00:19 +118: /Users/ahmedmohamed/Elevate/elevate_flower_app/test/features/product_details/data/repositories/product_details_repository_impl_test.dart: ... correct exception type on network failure    00:19 +118: loading /Users/ahmedmohamed/Elevate/elevate_flower_app/test/features/product_details/presentation/view_model/cubit/product_details_cubit_test.dart                                         00:19 +118: ... ProductDetailsCubit initial state initial state is ProductDetailsStates with initial BaseState                                                                                         00:19 +119: ... ProductDetailsCubit initial state initial state is ProductDetailsStates with initial BaseState                                                                                         00:19 +119: ... ProductDetailsCubit getSpeceficProduct emits [loading, success] when getSpeceficProduct is called successfully                                                                         00:19 +120: ... ProductDetailsCubit getSpeceficProduct emits [loading, success] when getSpeceficProduct is called successfully                                                                         00:19 +120: ... ProductDetailsCubit getSpeceficProduct emits [loading, error] when getSpeceficProduct fails                                                                                            00:19 +121: ... ProductDetailsCubit getSpeceficProduct emits [loading, error] when getSpeceficProduct fails                                                                                            00:19 +121: /Users/ahmedmohamed/Elevate/elevate_flower_app/test/features/product_details/presentation/view_model/cubit/product_details_cubit_test.dart: ... with product data containing all fields    00:19 +122: /Users/ahmedmohamed/Elevate/elevate_flower_app/test/features/product_details/presentation/view_model/cubit/product_details_cubit_test.dart: ... with product data containing all fields    00:19 +122: /Users/ahmedmohamed/Elevate/elevate_flower_app/test/features/product_details/presentation/view_model/cubit/product_details_cubit_test.dart: ... calls use case with correct product ID     00:19 +123: /Users/ahmedmohamed/Elevate/elevate_flower_app/test/features/product_details/presentation/view_model/cubit/product_details_cubit_test.dart: ... calls use case with correct product ID     00:19 +123: /Users/ahmedmohamed/Elevate/elevate_flower_app/test/features/product_details/presentation/view_model/cubit/product_details_cubit_test.dart: ... handles Failures exception type correctly  00:19 +124: /Users/ahmedmohamed/Elevate/elevate_flower_app/test/features/product_details/presentation/view_model/cubit/product_details_cubit_test.dart: ... handles Failures exception type correctly  00:19 +124: /Users/ahmedmohamed/Elevate/elevate_flower_app/test/features/product_details/presentation/view_model/cubit/product_details_cubit_test.dart: ... multiple times when called multiple times  00:19 +125: /Users/ahmedmohamed/Elevate/elevate_flower_app/test/features/product_details/presentation/view_model/cubit/product_details_cubit_test.dart: ... multiple times when called multiple times  00:19 +125: ... ProductDetailsCubit doIntent should call getSpeceficProduct when GetSpeceficProductEvent is dispatched                                                                                 00:19 +126: ... ProductDetailsCubit doIntent should call getSpeceficProduct when GetSpeceficProductEvent is dispatched                                                                                 00:19 +126: /Users/ahmedmohamed/Elevate/elevate_flower_app/test/features/product_details/presentation/view_model/cubit/product_details_cubit_test.dart: ... correct product ID from event to use case  00:19 +127: /Users/ahmedmohamed/Elevate/elevate_flower_app/test/features/product_details/presentation/view_model/cubit/product_details_cubit_test.dart: ... correct product ID from event to use case  00:19 +127: /Users/ahmedmohamed/Elevate/elevate_flower_app/test/features/product_details/presentation/view_model/cubit/product_details_cubit_test.dart: ... from initial to loading to success         00:19 +128: /Users/ahmedmohamed/Elevate/elevate_flower_app/test/features/product_details/presentation/view_model/cubit/product_details_cubit_test.dart: ... from initial to loading to success         00:19 +128: /Users/ahmedmohamed/Elevate/elevate_flower_app/test/features/product_details/presentation/view_model/cubit/product_details_cubit_test.dart: ... creates new state with updated BaseState   00:19 +129: /Users/ahmedmohamed/Elevate/elevate_flower_app/test/features/product_details/presentation/view_model/cubit/product_details_cubit_test.dart: ... creates new state with updated BaseState   00:20 +129: /Users/ahmedmohamed/Elevate/elevate_flower_app/test/features/product_details/presentation/view_model/cubit/product_details_cubit_test.dart: ... creates new state with updated BaseState   00:20 +129: loading /Users/ahmedmohamed/Elevate/elevate_flower_app/test/features/occasions/data/repositories/occasions_repository_impl_test.dart                                                       00:20 +129: /Users/ahmedmohamed/Elevate/elevate_flower_app/test/features/occasions/data/repositories/occasions_repository_impl_test.dart: Should                                                       00:20 +130: /Users/ahmedmohamed/Elevate/elevate_flower_app/test/features/occasions/data/repositories/occasions_repository_impl_test.dart: Should                                                       00:20 +130: loading /Users/ahmedmohamed/Elevate/elevate_flower_app/test/features/forget-password/data/repositories/forget_Password_repository_impl_test.dart                                           00:20 +130: /Users/ahmedmohamed/Elevate/elevate_flower_app/test/features/forget-password/data/repositories/forget_Password_repository_impl_test.dart: (setUpAll)                                       00:20 +130: ... sendOtpToEmail returns Success<ForgetPasswordEntity> when remote returns Success<ForgetPasswordResponse>                                                                               00:20 +131: /Users/ahmedmohamed/Elevate/elevate_flower_app/test/features/forget-password/presentation/view_model/cubit/forget_password_cubit_test.dart: (setUpAll)                                     00:20 +132: /Users/ahmedmohamed/Elevate/elevate_flower_app/test/features/forget-password/presentation/view_model/cubit/forget_password_cubit_test.dart: (setUpAll)                                     00:20 +133: /Users/ahmedmohamed/Elevate/elevate_flower_app/test/features/forget-password/presentation/view_model/cubit/forget_password_cubit_test.dart: (setUpAll)                                     00:20 +134: /Users/ahmedmohamed/Elevate/elevate_flower_app/test/features/forget-password/presentation/view_model/cubit/forget_password_cubit_test.dart: (setUpAll)                                     00:20 +134: ... resetPassword returns Success<void> when remote returns Success<void>                                                                                                                  00:20 +135: /Users/ahmedmohamed/Elevate/elevate_flower_app/test/features/forget-password/presentation/view_model/cubit/forget_password_cubit_test.dart: ... Tests initial state is correct             00:20 +136: /Users/ahmedmohamed/Elevate/elevate_flower_app/test/features/forget-password/presentation/view_model/cubit/forget_password_cubit_test.dart: ... Tests initial state is correct             00:20 +137: /Users/ahmedmohamed/Elevate/elevate_flower_app/test/features/forget-password/presentation/view_model/cubit/forget_password_cubit_test.dart: ... Tests initial state is correct             00:20 +137: /Users/ahmedmohamed/Elevate/elevate_flower_app/test/features/forget-password/presentation/view_model/cubit/forget_password_cubit_test.dart: ... then success when OTP is sent successfully 00:20 +138: /Users/ahmedmohamed/Elevate/elevate_flower_app/test/features/forget-password/presentation/view_model/cubit/forget_password_cubit_test.dart: ... then success when OTP is sent successfully 00:20 +138: /Users/ahmedmohamed/Elevate/elevate_flower_app/test/features/forget-password/presentation/view_model/cubit/forget_password_cubit_test.dart: ... loading then error when OTP sending fails  00:20 +139: /Users/ahmedmohamed/Elevate/elevate_flower_app/test/features/forget-password/presentation/view_model/cubit/forget_password_cubit_test.dart: ... loading then error when OTP sending fails  00:20 +139: /Users/ahmedmohamed/Elevate/elevate_flower_app/test/features/forget-password/presentation/view_model/cubit/forget_password_cubit_test.dart: ... success when OTP is verified successfully  00:20 +140: /Users/ahmedmohamed/Elevate/elevate_flower_app/test/features/forget-password/presentation/view_model/cubit/forget_password_cubit_test.dart: ... success when OTP is verified successfully  00:20 +140: /Users/ahmedmohamed/Elevate/elevate_flower_app/test/features/forget-password/presentation/view_model/cubit/forget_password_cubit_test.dart: ... then error when OTP verification fails     00:20 +141: /Users/ahmedmohamed/Elevate/elevate_flower_app/test/features/forget-password/presentation/view_model/cubit/forget_password_cubit_test.dart: ... then error when OTP verification fails     00:20 +141: /Users/ahmedmohamed/Elevate/elevate_flower_app/test/features/forget-password/presentation/view_model/cubit/forget_password_cubit_test.dart: ... success when password is reset successfully00:20 +142: /Users/ahmedmohamed/Elevate/elevate_flower_app/test/features/forget-password/presentation/view_model/cubit/forget_password_cubit_test.dart: ... success when password is reset successfully00:20 +142: /Users/ahmedmohamed/Elevate/elevate_flower_app/test/features/forget-password/presentation/view_model/cubit/forget_password_cubit_test.dart: ... then error when password reset fails       00:20 +143: /Users/ahmedmohamed/Elevate/elevate_flower_app/test/features/forget-password/presentation/view_model/cubit/forget_password_cubit_test.dart: ... then error when password reset fails       00:20 +143: ... ForgetPasswordCubit Tests TogglePasswordEvent toggles new password visibility                                                                                                          00:20 +144: ... ForgetPasswordCubit Tests TogglePasswordEvent toggles new password visibility                                                                                                          00:20 +144: ... ForgetPasswordCubit Tests TogglePasswordEvent toggles confirm password visibility                                                                                                      00:20 +145: ... ForgetPasswordCubit Tests TogglePasswordEvent toggles confirm password visibility                                                                                                      00:20 +145: /Users/ahmedmohamed/Elevate/elevate_flower_app/test/features/forget-password/presentation/view_model/cubit/forget_password_cubit_test.dart: ... Tests controllers are properly initialized 00:20 +146: /Users/ahmedmohamed/Elevate/elevate_flower_app/test/features/forget-password/presentation/view_model/cubit/forget_password_cubit_test.dart: ... Tests controllers are properly initialized 00:20 +146: /Users/ahmedmohamed/Elevate/elevate_flower_app/test/features/forget-password/presentation/view_model/cubit/forget_password_cubit_test.dart: ... Tests controllers are disposed on close    00:20 +147: /Users/ahmedmohamed/Elevate/elevate_flower_app/test/features/forget-password/presentation/view_model/cubit/forget_password_cubit_test.dart: ... Tests controllers are disposed on close    00:20 +147: /Users/ahmedmohamed/Elevate/elevate_flower_app/test/features/forget-password/presentation/view_model/cubit/forget_password_cubit_test.dart: (tearDownAll)                                  00:21 +147: /Users/ahmedmohamed/Elevate/elevate_flower_app/test/features/forget-password/presentation/view_model/cubit/forget_password_cubit_test.dart: (tearDownAll)                                  00:21 +147: loading /Users/ahmedmohamed/Elevate/elevate_flower_app/test/features/occasions/presentation/view_model/cubit/occasions_cubit_test.dart                                                     00:21 +147: /Users/ahmedmohamed/Elevate/elevate_flower_app/test/features/occasions/presentation/view_model/cubit/occasions_cubit_test.dart: (setUpAll)                                                 00:21 +147: /Users/ahmedmohamed/Elevate/elevate_flower_app/test/features/occasions/presentation/view_model/cubit/occasions_cubit_test.dart: ... call _getOccasions when GetOccasionsEvent is passed    00:21 +148: /Users/ahmedmohamed/Elevate/elevate_flower_app/test/features/occasions/presentation/view_model/cubit/occasions_cubit_test.dart: ... call _getOccasions when GetOccasionsEvent is passed    00:21 +148: ... OccasionsCubit doIntent should call _getFlowersByOccasion when GetFlowersByOccasionsEvent is passed                                                                                    00:21 +149: ... OccasionsCubit doIntent should call _getFlowersByOccasion when GetFlowersByOccasionsEvent is passed                                                                                    00:21 +149: /Users/ahmedmohamed/Elevate/elevate_flower_app/test/features/occasions/presentation/view_model/cubit/occasions_cubit_test.dart: ... and automatically fetches first occasion products      00:21 +150: /Users/ahmedmohamed/Elevate/elevate_flower_app/test/features/occasions/presentation/view_model/cubit/occasions_cubit_test.dart: ... and automatically fetches first occasion products      00:21 +150: /Users/ahmedmohamed/Elevate/elevate_flower_app/test/features/occasions/presentation/view_model/cubit/occasions_cubit_test.dart: ... emits [loading, error] when getOccasions fails         00:21 +151: /Users/ahmedmohamed/Elevate/elevate_flower_app/test/features/occasions/presentation/view_model/cubit/occasions_cubit_test.dart: ... emits [loading, error] when getOccasions fails         00:21 +151: /Users/ahmedmohamed/Elevate/elevate_flower_app/test/features/occasions/presentation/view_model/cubit/occasions_cubit_test.dart: ... empty occasions list and does not fetch products       00:21 +151 -1: /Users/ahmedmohamed/Elevate/elevate_flower_app/test/features/occasions/presentation/view_model/cubit/occasions_cubit_test.dart: OccasionsCubit _getOccasions handles empty occasions list and does not fetch products [E]
  Bad state: No element
  dart:core                                                                                                _Array.first
  package:elevate_flower_app/features/occasions/presentation/view_model/cubit/occasions_cubit.dart 34:37   OccasionsCubit._getOccasions.<fn>
  package:elevate_flower_app/core/config/base_response/result.dart 9:21                                    Result.when
  package:elevate_flower_app/features/occasions/presentation/view_model/cubit/occasions_cubit.dart 31:12   OccasionsCubit._getOccasions
  ===== asynchronous gap ===========================
  dart:async                                                                                               _Completer.completeError
  package:bloc_test/src/bloc_test.dart 255:43                                                              _runZonedGuarded.<fn>
  ===== asynchronous gap ===========================
  dart:async                                                                                               _CustomZone.registerUnaryCallback
  package:elevate_flower_app/features/occasions/presentation/view_model/cubit/occasions_cubit.dart 30:20   OccasionsCubit._getOccasions
  package:elevate_flower_app/features/occasions/presentation/view_model/cubit/occasions_events.dart 11:40  OccasionsEvents.when
  package:elevate_flower_app/features/occasions/presentation/view_model/cubit/occasions_cubit.dart 22:11   OccasionsCubit.doIntent
  test/features/occasions/presentation/view_model/cubit/occasions_cubit_test.dart 227:31                   main.<fn>.<fn>.<fn>
  package:bloc_test/src/bloc_test.dart 206:20                                                              testBloc.<fn>
  ===== asynchronous gap ===========================
  dart:async                                                                                               _CustomZone.registerUnaryCallback
  package:bloc_test/src/bloc_test.dart 199:7                                                               testBloc.<fn>
  package:bloc_test/src/bloc_test.dart 252:15                                                              _runZonedGuarded.<fn>
  dart:async                                                                                               runZonedGuarded
  package:bloc_test/src/bloc_test.dart 251:3                                                               _runZonedGuarded
  package:bloc_test/src/bloc_test.dart 198:11                                                              testBloc
  package:bloc_test/src/bloc_test.dart 156:13                                                              blocTest.<fn>
  

To run this test again: /Users/ahmedmohamed/flutter/bin/cache/dart-sdk/bin/dart test /Users/ahmedmohamed/Elevate/elevate_flower_app/test/features/occasions/presentation/view_model/cubit/occasions_cubit_test.dart -p vm --plain-name 'OccasionsCubit _getOccasions handles empty occasions list and does not fetch products'
00:21 +151 -1: ... OccasionsCubit _getFlowersByOccasion emits [loading, success] when getProductsByOccasion succeeds                                                                                   00:21 +152 -1: ... OccasionsCubit _getFlowersByOccasion emits [loading, success] when getProductsByOccasion succeeds                                                                                   00:21 +152 -1: /Users/ahmedmohamed/Elevate/elevate_flower_app/test/features/occasions/presentation/view_model/cubit/occasions_cubit_test.dart: ... [loading, error] when getProductsByOccasion fails   00:21 +153 -1: /Users/ahmedmohamed/Elevate/elevate_flower_app/test/features/occasions/presentation/view_model/cubit/occasions_cubit_test.dart: ... [loading, error] when getProductsByOccasion fails   00:21 +153 -1: ... OccasionsCubit _getFlowersByOccasion updates selectedOccasionId when called                                                                                                         00:21 +154 -1: ... OccasionsCubit _getFlowersByOccasion updates selectedOccasionId when called                                                                                                         00:21 +154 -1: /Users/ahmedmohamed/Elevate/elevate_flower_app/test/features/occasions/presentation/view_model/cubit/occasions_cubit_test.dart: ... for both occasions and productsByOccasion           00:21 +155 -1: /Users/ahmedmohamed/Elevate/elevate_flower_app/test/features/occasions/presentation/view_model/cubit/occasions_cubit_test.dart: ... for both occasions and productsByOccasion           00:21 +155 -1: /Users/ahmedmohamed/Elevate/elevate_flower_app/test/features/occasions/presentation/view_model/cubit/occasions_cubit_test.dart: (tearDownAll)                                           00:21 +155 -1: loading /Users/ahmedmohamed/Elevate/elevate_flower_app/test/features/categories/api/datasources/categories_remote_data_source_impl_test.dart                                            00:21 +155 -1: ... CategoriesRemoteDataSourceImpl test getAllCategories test getAllCategories returns CategoryResponseModel on success                                                                 00:22 +155 -1: ... CategoriesRemoteDataSourceImpl test getAllCategories test getAllCategories returns CategoryResponseModel on success                                                                 00:22 +156 -1: ... CategoriesRemoteDataSourceImpl test getAllCategories test getAllCategories returns CategoryResponseModel on success                                                                 00:22 +156 -1: /Users/ahmedmohamed/Elevate/elevate_flower_app/test/features/categories/api/datasources/categories_remote_data_source_impl_test.dart: ... test getAllCategories returns Error on failure00:22 +157 -1: /Users/ahmedmohamed/Elevate/elevate_flower_app/test/features/categories/api/datasources/categories_remote_data_source_impl_test.dart: ... test getAllCategories returns Error on failure00:22 +157 -1: ... CategoriesRemoteDataSourceImpl test getAllProducts test getAllProducts with categoryId returns ProductsResponseModels on success                                                    00:22 +158 -1: ... CategoriesRemoteDataSourceImpl test getAllProducts test getAllProducts with categoryId returns ProductsResponseModels on success                                                    00:22 +158 -1: ... CategoriesRemoteDataSourceImpl test getAllProducts test getAllProducts with null categoryId returns ProductsResponseModels on success                                               00:22 +159 -1: ... CategoriesRemoteDataSourceImpl test getAllProducts test getAllProducts with null categoryId returns ProductsResponseModels on success                                               00:22 +159 -1: /Users/ahmedmohamed/Elevate/elevate_flower_app/test/features/categories/api/datasources/categories_remote_data_source_impl_test.dart: ... with categoryId returns Error on failure      00:22 +160 -1: /Users/ahmedmohamed/Elevate/elevate_flower_app/test/features/categories/api/datasources/categories_remote_data_source_impl_test.dart: ... with categoryId returns Error on failure      00:22 +160 -1: /Users/ahmedmohamed/Elevate/elevate_flower_app/test/features/categories/api/datasources/categories_remote_data_source_impl_test.dart: ... with null categoryId returns Error on failure 00:22 +161 -1: /Users/ahmedmohamed/Elevate/elevate_flower_app/test/features/categories/api/datasources/categories_remote_data_source_impl_test.dart: ... with null categoryId returns Error on failure 00:23 +161 -1: /Users/ahmedmohamed/Elevate/elevate_flower_app/test/features/categories/api/datasources/categories_remote_data_source_impl_test.dart: ... with null categoryId returns Error on failure 00:23 +161 -1: loading /Users/ahmedmohamed/Elevate/elevate_flower_app/test/features/categories/data/repositories/categories_repository_impl_test.dart                                                  00:23 +161 -1: /Users/ahmedmohamed/Elevate/elevate_flower_app/test/features/categories/data/repositories/categories_repository_impl_test.dart: (setUpAll)                                              00:23 +161 -1: /Users/ahmedmohamed/Elevate/elevate_flower_app/test/features/categories/data/repositories/categories_repository_impl_test.dart: ... Success with list of CategoryEntity on success      00:23 +162 -1: /Users/ahmedmohamed/Elevate/elevate_flower_app/test/features/categories/data/repositories/categories_repository_impl_test.dart: ... Success with list of CategoryEntity on success      00:23 +162 -1: /Users/ahmedmohamed/Elevate/elevate_flower_app/test/features/categories/data/repositories/categories_repository_impl_test.dart: ... returns Success with categories data                00:23 +163 -1: /Users/ahmedmohamed/Elevate/elevate_flower_app/test/features/categories/data/repositories/categories_repository_impl_test.dart: ... returns Success with categories data                00:23 +163 -1: /Users/ahmedmohamed/Elevate/elevate_flower_app/test/features/categories/data/repositories/categories_repository_impl_test.dart: ... returns empty list when response data is null       00:23 +164 -1: /Users/ahmedmohamed/Elevate/elevate_flower_app/test/features/categories/data/repositories/categories_repository_impl_test.dart: ... returns empty list when response data is null       00:23 +164 -1: /Users/ahmedmohamed/Elevate/elevate_flower_app/test/features/categories/data/repositories/categories_repository_impl_test.dart: ... test getAllCategories returns Error on failure      00:23 +165 -1: /Users/ahmedmohamed/Elevate/elevate_flower_app/test/features/categories/data/repositories/categories_repository_impl_test.dart: ... test getAllCategories returns Error on failure      00:23 +165 -1: /Users/ahmedmohamed/Elevate/elevate_flower_app/test/features/categories/data/repositories/categories_repository_impl_test.dart: ... Success with list of ProductEntity on success       00:23 +166 -1: /Users/ahmedmohamed/Elevate/elevate_flower_app/test/features/categories/data/repositories/categories_repository_impl_test.dart: ... Success with list of ProductEntity on success       00:23 +166 -1: /Users/ahmedmohamed/Elevate/elevate_flower_app/test/features/categories/data/repositories/categories_repository_impl_test.dart: ... correctly maps ProductDto to ProductEntity          00:23 +167 -1: /Users/ahmedmohamed/Elevate/elevate_flower_app/test/features/categories/data/repositories/categories_repository_impl_test.dart: ... correctly maps ProductDto to ProductEntity          00:23 +167 -1: /Users/ahmedmohamed/Elevate/elevate_flower_app/test/features/categories/data/repositories/categories_repository_impl_test.dart: ... Success with list of ProductEntity on success       00:23 +168 -1: /Users/ahmedmohamed/Elevate/elevate_flower_app/test/features/categories/data/repositories/categories_repository_impl_test.dart: ... Success with list of ProductEntity on success       00:23 +168 -1: /Users/ahmedmohamed/Elevate/elevate_flower_app/test/features/categories/data/repositories/categories_repository_impl_test.dart: ... returns empty list when products list is empty      00:23 +169 -1: /Users/ahmedmohamed/Elevate/elevate_flower_app/test/features/categories/data/repositories/categories_repository_impl_test.dart: ... returns empty list when products list is empty      00:23 +169 -1: /Users/ahmedmohamed/Elevate/elevate_flower_app/test/features/categories/data/repositories/categories_repository_impl_test.dart: ... returns empty list when response data is null       00:23 +170 -1: /Users/ahmedmohamed/Elevate/elevate_flower_app/test/features/categories/data/repositories/categories_repository_impl_test.dart: ... returns empty list when response data is null       00:23 +170 -1: /Users/ahmedmohamed/Elevate/elevate_flower_app/test/features/categories/data/repositories/categories_repository_impl_test.dart: ... with categoryId returns Error on failure            00:23 +171 -1: /Users/ahmedmohamed/Elevate/elevate_flower_app/test/features/categories/data/repositories/categories_repository_impl_test.dart: ... with categoryId returns Error on failure            00:23 +171 -1: /Users/ahmedmohamed/Elevate/elevate_flower_app/test/features/categories/data/repositories/categories_repository_impl_test.dart: ... with null categoryId returns Error on failure       00:23 +172 -1: /Users/ahmedmohamed/Elevate/elevate_flower_app/test/features/categories/data/repositories/categories_repository_impl_test.dart: ... with null categoryId returns Error on failure       00:23 +172 -1: /Users/ahmedmohamed/Elevate/elevate_flower_app/test/features/categories/data/repositories/categories_repository_impl_test.dart: (tearDownAll)                                           00:23 +172 -1: loading /Users/ahmedmohamed/Elevate/elevate_flower_app/test/features/categories/presentation/view_model/cubit/categories_cubit_test.dart                                                00:23 +172 -1: /Users/ahmedmohamed/Elevate/elevate_flower_app/test/features/categories/presentation/view_model/cubit/categories_cubit_test.dart: test categories cubit test if initial state is correct00:23 +173 -1: /Users/ahmedmohamed/Elevate/elevate_flower_app/test/features/categories/presentation/view_model/cubit/categories_cubit_test.dart: test categories cubit test if initial state is correct00:23 +173 -1: /Users/ahmedmohamed/Elevate/elevate_flower_app/test/features/categories/presentation/view_model/cubit/categories_cubit_test.dart: ... state when get categories use case returns success00:23 +174 -1: /Users/ahmedmohamed/Elevate/elevate_flower_app/test/features/categories/presentation/view_model/cubit/categories_cubit_test.dart: ... state when get categories use case returns success00:23 +174 -1: /Users/ahmedmohamed/Elevate/elevate_flower_app/test/features/categories/presentation/view_model/cubit/categories_cubit_test.dart: ... state when get categories use case returns error  00:23 +175 -1: /Users/ahmedmohamed/Elevate/elevate_flower_app/test/features/categories/presentation/view_model/cubit/categories_cubit_test.dart: ... state when get categories use case returns error  00:23 +175 -1: /Users/ahmedmohamed/Elevate/elevate_flower_app/test/features/categories/presentation/view_model/cubit/categories_cubit_test.dart: ... state when get products use case returns success  00:23 +176 -1: /Users/ahmedmohamed/Elevate/elevate_flower_app/test/features/categories/presentation/view_model/cubit/categories_cubit_test.dart: ... state when get products use case returns success  00:23 +176 -1: /Users/ahmedmohamed/Elevate/elevate_flower_app/test/features/categories/presentation/view_model/cubit/categories_cubit_test.dart: ... use case returns success with null categoryId     00:23 +177 -1: /Users/ahmedmohamed/Elevate/elevate_flower_app/test/features/categories/presentation/view_model/cubit/categories_cubit_test.dart: ... use case returns success with null categoryId     00:23 +177 -1: /Users/ahmedmohamed/Elevate/elevate_flower_app/test/features/categories/presentation/view_model/cubit/categories_cubit_test.dart: ... state when get products use case returns error    00:23 +178 -1: /Users/ahmedmohamed/Elevate/elevate_flower_app/test/features/categories/presentation/view_model/cubit/categories_cubit_test.dart: ... state when get products use case returns error    00:23 +178 -1: /Users/ahmedmohamed/Elevate/elevate_flower_app/test/features/categories/presentation/view_model/cubit/categories_cubit_test.dart: ... returns both categories and products successfully 00:23 +179 -1: /Users/ahmedmohamed/Elevate/elevate_flower_app/test/features/categories/presentation/view_model/cubit/categories_cubit_test.dart: ... returns both categories and products successfully 00:23 +179 -1: /Users/ahmedmohamed/Elevate/elevate_flower_app/test/features/categories/presentation/view_model/cubit/categories_cubit_test.dart: ... and success for products when categories fails    00:23 +180 -1: /Users/ahmedmohamed/Elevate/elevate_flower_app/test/features/categories/presentation/view_model/cubit/categories_cubit_test.dart: ... and success for products when categories fails    00:23 +180 -1: /Users/ahmedmohamed/Elevate/elevate_flower_app/test/features/categories/presentation/view_model/cubit/categories_cubit_test.dart: ... states when both categories and products fail     00:23 +181 -1: /Users/ahmedmohamed/Elevate/elevate_flower_app/test/features/categories/presentation/view_model/cubit/categories_cubit_test.dart: ... states when both categories and products fail     00:23 +181 -1: loading /Users/ahmedmohamed/Elevate/elevate_flower_app/test/features/login/api/datasources/login_remote_data_source_impl_test.dart                                                      00:23 +181 -1: /Users/ahmedmohamed/Elevate/elevate_flower_app/test/features/login/api/datasources/login_remote_data_source_impl_test.dart: ... loginUser returns success when API call succeeds        00:23 +182 -1: /Users/ahmedmohamed/Elevate/elevate_flower_app/test/features/login/api/datasources/login_remote_data_source_impl_test.dart: ... loginUser returns success when API call succeeds        00:23 +182 -1: /Users/ahmedmohamed/Elevate/elevate_flower_app/test/features/login/api/datasources/login_remote_data_source_impl_test.dart: ... call fails with DioException (Invalid email/password)   00:23 +182 -1: /Users/ahmedmohamed/Elevate/elevate_flower_app/test/features/login/api/datasources/login_remote_data_source_impl_test.dart: test login remote data source implementation loginUser returns error when API call fails with DioException (Invalid email/password)
[34m[🌎 Easy Localization] [WARNING] Localization key [error_api_failure.unknown] not found[0m
00:23 +183 -1: /Users/ahmedmohamed/Elevate/elevate_flower_app/test/features/login/api/datasources/login_remote_data_source_impl_test.dart: ... call fails with DioException (Invalid email/password)   00:23 +183 -1: /Users/ahmedmohamed/Elevate/elevate_flower_app/test/features/login/api/datasources/login_remote_data_source_impl_test.dart: ... returns error when API call fails with generic Exception00:23 +184 -1: /Users/ahmedmohamed/Elevate/elevate_flower_app/test/features/login/api/datasources/login_remote_data_source_impl_test.dart: ... returns error when API call fails with generic Exception00:23 +184 -1: /Users/ahmedmohamed/Elevate/elevate_flower_app/test/features/login/api/datasources/login_remote_data_source_impl_test.dart: ... loginUser handles server error (500) correctly          00:23 +184 -1: /Users/ahmedmohamed/Elevate/elevate_flower_app/test/features/login/api/datasources/login_remote_data_source_impl_test.dart: test login remote data source implementation loginUser handles server error (500) correctly
[34m[🌎 Easy Localization] [WARNING] Localization key [error_api_failure.server_error] not found[0m
00:23 +185 -1: /Users/ahmedmohamed/Elevate/elevate_flower_app/test/features/login/api/datasources/login_remote_data_source_impl_test.dart: ... loginUser handles server error (500) correctly          00:23 +185 -1: /Users/ahmedmohamed/Elevate/elevate_flower_app/test/features/login/api/datasources/login_remote_data_source_impl_test.dart: ... loginUser handles network timeout correctly             00:23 +185 -1: /Users/ahmedmohamed/Elevate/elevate_flower_app/test/features/login/api/datasources/login_remote_data_source_impl_test.dart: test login remote data source implementation loginUser handles network timeout correctly
[34m[🌎 Easy Localization] [WARNING] Localization key [error_api_failure.connectionTimeout] not found[0m
00:23 +186 -1: /Users/ahmedmohamed/Elevate/elevate_flower_app/test/features/login/api/datasources/login_remote_data_source_impl_test.dart: ... loginUser handles network timeout correctly             00:24 +186 -1: /Users/ahmedmohamed/Elevate/elevate_flower_app/test/features/login/api/datasources/login_remote_data_source_impl_test.dart: ... loginUser handles network timeout correctly             00:24 +186 -1: loading /Users/ahmedmohamed/Elevate/elevate_flower_app/test/features/login/api/datasources/login_local_data_source_impl_test.dart                                                       00:24 +186 -1: /Users/ahmedmohamed/Elevate/elevate_flower_app/test/features/login/api/datasources/login_local_data_source_impl_test.dart: ... implementation saveToken saves token in secure storage   00:24 +187 -1: /Users/ahmedmohamed/Elevate/elevate_flower_app/test/features/login/api/datasources/login_local_data_source_impl_test.dart: ... implementation saveToken saves token in secure storage   00:24 +187 -1: /Users/ahmedmohamed/Elevate/elevate_flower_app/test/features/login/api/datasources/login_local_data_source_impl_test.dart: ... saves rememberMe flag in shared preferences              00:24 +188 -1: /Users/ahmedmohamed/Elevate/elevate_flower_app/test/features/login/api/datasources/login_local_data_source_impl_test.dart: ... saves rememberMe flag in shared preferences              00:24 +188 -1: /Users/ahmedmohamed/Elevate/elevate_flower_app/test/features/login/api/datasources/login_local_data_source_impl_test.dart: ... source implementation saveRememberMe with false value    00:24 +189 -1: /Users/ahmedmohamed/Elevate/elevate_flower_app/test/features/login/api/datasources/login_local_data_source_impl_test.dart: ... source implementation saveRememberMe with false value    00:24 +189 -1: /Users/ahmedmohamed/Elevate/elevate_flower_app/test/features/login/api/datasources/login_local_data_source_impl_test.dart: ... clearLoginData deletes token and rememberMe              00:24 +190 -1: /Users/ahmedmohamed/Elevate/elevate_flower_app/test/features/login/api/datasources/login_local_data_source_impl_test.dart: ... clearLoginData deletes token and rememberMe              00:24 +190 -1: loading /Users/ahmedmohamed/Elevate/elevate_flower_app/test/features/login/data/repositories/login_repository_impl_test.dart                                                            00:24 +190 -1: /Users/ahmedmohamed/Elevate/elevate_flower_app/test/features/login/data/repositories/login_repository_impl_test.dart: ... implementation loginUser transforms params into request body  00:24 +191 -1: /Users/ahmedmohamed/Elevate/elevate_flower_app/test/features/login/data/repositories/login_repository_impl_test.dart: ... implementation loginUser transforms params into request body  00:24 +191 -1: loading /Users/ahmedmohamed/Elevate/elevate_flower_app/test/features/login/presentation/view_model/cubit/login_cubit_test.dart                                                          00:24 +191 -1: /Users/ahmedmohamed/Elevate/elevate_flower_app/test/features/login/presentation/view_model/cubit/login_cubit_test.dart: (setUpAll)                                                      00:24 +192 -1: /Users/ahmedmohamed/Elevate/elevate_flower_app/test/features/login/presentation/view_model/cubit/login_cubit_test.dart: (setUpAll)                                                      00:24 +193 -1: /Users/ahmedmohamed/Elevate/elevate_flower_app/test/features/login/presentation/view_model/cubit/login_cubit_test.dart: (setUpAll)                                                      00:24 +193 -1: /Users/ahmedmohamed/Elevate/elevate_flower_app/test/features/login/data/repositories/login_repository_impl_test.dart: ... data source implementation loginUser handles null response    00:24 +194 -1: /Users/ahmedmohamed/Elevate/elevate_flower_app/test/features/login/presentation/view_model/cubit/login_cubit_test.dart: LoginCubit Tests initial state is correct                       00:24 +195 -1: /Users/ahmedmohamed/Elevate/elevate_flower_app/test/features/login/presentation/view_model/cubit/login_cubit_test.dart: LoginCubit Tests initial state is correct                       00:24 +195 -1: /Users/ahmedmohamed/Elevate/elevate_flower_app/test/features/login/presentation/view_model/cubit/login_cubit_test.dart: LoginCubit Tests initial controllers are empty                  00:24 +196 -1: /Users/ahmedmohamed/Elevate/elevate_flower_app/test/features/login/presentation/view_model/cubit/login_cubit_test.dart: LoginCubit Tests initial controllers are empty                  00:24 +196 -1: /Users/ahmedmohamed/Elevate/elevate_flower_app/test/features/login/presentation/view_model/cubit/login_cubit_test.dart: ... Tests loginUserEvent does not login if form is invalid      00:24 +197 -1: /Users/ahmedmohamed/Elevate/elevate_flower_app/test/features/login/presentation/view_model/cubit/login_cubit_test.dart: ... Tests loginUserEvent does not login if form is invalid      00:24 +197 -1: /Users/ahmedmohamed/Elevate/elevate_flower_app/test/features/login/presentation/view_model/cubit/login_cubit_test.dart: ... emits loading then success on successful login              00:24 +198 -1: /Users/ahmedmohamed/Elevate/elevate_flower_app/test/features/login/presentation/view_model/cubit/login_cubit_test.dart: ... emits loading then success on successful login              00:24 +198 -1: /Users/ahmedmohamed/Elevate/elevate_flower_app/test/features/login/presentation/view_model/cubit/login_cubit_test.dart: ... Tests loginUserEvent emits error state when login fails     00:24 +199 -1: /Users/ahmedmohamed/Elevate/elevate_flower_app/test/features/login/presentation/view_model/cubit/login_cubit_test.dart: ... Tests loginUserEvent emits error state when login fails     00:24 +199 -1: /Users/ahmedmohamed/Elevate/elevate_flower_app/test/features/login/presentation/view_model/cubit/login_cubit_test.dart: LoginCubit Tests loginUserEvent trims email but not password    00:25 +199 -1: /Users/ahmedmohamed/Elevate/elevate_flower_app/test/features/login/presentation/view_model/cubit/login_cubit_test.dart: LoginCubit Tests loginUserEvent trims email but not password    00:25 +200 -1: /Users/ahmedmohamed/Elevate/elevate_flower_app/test/features/login/presentation/view_model/cubit/login_cubit_test.dart: LoginCubit Tests loginUserEvent trims email but not password    00:25 +200 -1: /Users/ahmedmohamed/Elevate/elevate_flower_app/test/features/login/presentation/view_model/cubit/login_cubit_test.dart: LoginCubit Tests controllers are disposed on close              00:25 +201 -1: /Users/ahmedmohamed/Elevate/elevate_flower_app/test/features/login/presentation/view_model/cubit/login_cubit_test.dart: LoginCubit Tests controllers are disposed on close              00:25 +201 -1: /Users/ahmedmohamed/Elevate/elevate_flower_app/test/features/login/presentation/view_model/cubit/login_cubit_test.dart: (tearDownAll)                                                   00:25 +201 -1: Some tests failed.                                                                                                                                                                      
